
> strategy-lab@0.1.0 verify
> npm run check && npm test && npm run build


> strategy-lab@0.1.0 check
> node scripts/check.mjs

Syntax, source links, task integrity, contracts and handoff documents checked.

> strategy-lab@0.1.0 test
> node --test --test-isolation=none tests/*.test.mjs

✔ workspace persists principles, task evidence, events and exports after database restart (49.251483ms)
✔ stale revisions, duplicate retries and conflicting idempotency keys do not corrupt state (6.99188ms)
✔ concurrent writers commit at most one mutation for a version (5.392462ms)
✔ task gates require evidence and completed dependencies; reopening protects active descendants (5.649984ms)
✔ auth, owner isolation, cross-origin protection and input validation reject unwanted writes (5.037555ms)
✔ custom tasks survive refresh, principle archival preserves original and demos stop at missing gates (7.057648ms)
✔ deterministic example has no performance data or assumed numerical risk (0.755923ms)
✔ database batch rolls back both content and audit writes on failure (2.902061ms)
ℹ tests 8
ℹ suites 0
ℹ pass 8
ℹ fail 0
ℹ cancelled 0
ℹ skipped 0
ℹ todo 0
ℹ duration_ms 103.040731

> strategy-lab@0.1.0 build
> node scripts/build.mjs

Built Worker: 89975 bytes; static interface + shared API.
npm notice
npm notice New major version of npm available! 11.9.0 -> 12.2.0
npm notice Changelog: https://github.com/npm/cli/releases/tag/v12.2.0
npm notice To update run: npm install -g npm@12.2.0
npm notice
npm notice
npm notice New major version of npm available! 11.9.0 -> 12.2.0
npm notice Changelog: https://github.com/npm/cli/releases/tag/v12.2.0
npm notice To update run: npm install -g npm@12.2.0
npm notice
